F01  PASS       0.6s  
F02  PASS       7.1s  
F03  PASS       0.0s  
F04  PASS       0.0s  
F05  PASS      86.0s  
F06  PASS       0.6s  
F07  PASS       0.0s  
F08  PASS     270.9s  
F09  PASS       0.0s  
F10  PASS       0.0s  
A01  PASS       6.9s  
A02  PASS       0.0s  
A03  PASS       0.0s  
A04  PASS       5.7s  
A05  PASS       0.4s  
A06  PASS      13.3s  
A07  MISSING    0.0s    artifact missing: out/audio/stems/voice.wav|flac
A08  MISSING    0.0s    artifact missing: out/audio/stems/music.wav|flac
A09  PASS       8.3s  
A10  MISSING    0.1s    artifact missing: out/audio/stems/whoosh.wav|flac
A11  MISSING    0.0s    artifact missing: out/audio/stems/sfx.wav|flac
A12  MISSING    0.0s    artifact missing: out/audio/stems/music.wav|flac
A13  PASS      16.7s  
A14  PASS       1.6s  
A15  FAIL       0.0s  wpm act act1=146.810053; wpm act act2=146.065397; wpm act act3=144.750795; sentences > 175 wpm=10
S01  PASS       0.0s  
S02  PASS       0.0s  
S03  PASS       0.0s  
S04  FAIL       0.0s  used years missing in a source=3
S05  PASS       0.0s  
S06  PASS       0.0s  
S07  PASS       0.0s  
S08  PASS       0.0s  
S09  PASS       0.0s  
S10  PASS       0.0s  
S11  PASS       0.0s  
S12  FAIL       0.0s  max new numbers in a scene=4
S13  PASS       0.0s  
S14  PASS      12.1s  
S15  PASS       0.0s  
R01  MISSING    0.1s    artifact missing: out/audio/stems/music.wav|flac
R02  PASS       0.0s  
R03  PASS       0.0s  
R04  PASS       0.0s  
R05  PASS       0.0s  
R06  FAIL      87.9s  cuts visible in picture (%)=69.607843
V01  PASS       0.0s  
V02  PASS       0.0s  
V03  FAIL       0.0s  text outside safe area=28
V04  PASS       0.0s  
V05  FAIL      89.9s  worst ease ratio=0.65; overshoot > 8%=3
V06  PASS       0.1s  
V07  FAIL      11.8s  median blur ratio=1.186493
V08  FAIL       0.0s  worst text contrast=3.74; samples below 4.5:1=68
V09  PASS       0.0s  
V10  PASS      86.1s  
V11  FAIL       0.0s  text collisions=35
C01  PASS       0.0s  
C02  PASS       0.0s  
C03  PASS       0.0s  
C04  FAIL       0.0s  frames flagged=364
C05  PASS       0.0s  
C06  PASS       0.0s  
C07  PASS       0.0s  
C10  PASS       0.0s  
C11  PASS       0.0s  
C12  PASS       0.0s  
C13  FAIL       0.0s  worst |offset| ms=347; pairs > 250 ms=1
C14  PASS       0.0s  
C15  PASS       0.0s  
P01  PASS       9.2s  
{"PASS": 54, "FAIL": 11, "MISSING": 6, "ERROR": 0}
