{"seconds":5116.9,"samples":7060,"pixelSamples":3368,"summary":{"C01":0,"C02":0,"C03":0,"C04":364,"C05":0,"C06":0,"C07":0,"C15":0,"C10":0,"C12":[],"S08":0,"S09":"","V02":"","V03":28,"V08":68,"V11":35,"C14":0,"V04":""}}
F01  PASS       0.1s  
F02  PASS       0.9s  
F03  PASS       0.0s  
F04  PASS       0.0s  
F05  PASS      88.8s  
F06  PASS       0.6s  
F07  PASS       0.0s  
F08  PASS     277.9s  
F09  PASS       0.0s  
F10  PASS       0.0s  
A01  PASS       7.3s  
A02  PASS       0.0s  
A03  PASS       0.0s  
A04  PASS       4.6s  
A05  PASS       0.4s  
A06  PASS      14.4s  
A07  PASS       3.5s  
A08  PASS       3.5s  
A09  PASS       8.8s  
A10  PASS       5.9s  
A11  PASS       0.9s  
A12  PASS      17.2s  
A13  PASS      31.5s  
A14  PASS     124.7s  
A15  FAIL       0.0s  wpm act act1=146.810053; wpm act act2=146.065397; wpm act act3=144.750795; sentences > 175 wpm=10
S01  PASS       0.4s  
S02  PASS       0.0s  
S03  PASS       0.3s  
S04  FAIL       0.0s  used years missing in a source=3
S05  PASS       0.0s  
S06  PASS       0.0s  
S07  PASS       0.0s  
S08  PASS       0.0s  
S09  PASS       0.0s  
S10  PASS       0.0s  
S11  PASS       0.0s  
S12  FAIL       0.0s  max new numbers in a scene=4
S13  PASS       0.0s  
S14  PASS      10.3s  
S15  PASS       0.0s  
R01  FAIL       4.3s  false peaks=2
R02  PASS       0.0s  
R03  FAIL       0.9s  shortest pause s=0.11; pauses < 1.0 s=5
R04  PASS       0.0s  
R05  PASS       0.0s  
R06  FAIL      83.6s  cuts visible in picture (%)=69.607843
V01  PASS       0.0s  
V02  PASS       0.0s  
V03  FAIL       0.0s  text outside safe area=28
V04  PASS       0.0s  
V05  FAIL      92.0s  worst ease ratio=0.65; overshoot > 8%=3
V06  PASS       0.1s  
V07  FAIL      12.1s  median blur ratio=1.186493
V08  FAIL       0.0s  worst text contrast=3.74; samples below 4.5:1=68
V09  PASS       0.0s  
V10  PASS      88.1s  
V11  FAIL       0.0s  text collisions=35
C01  PASS       0.0s  
C02  PASS       0.0s  
C03  PASS       0.0s  
C04  FAIL       0.0s  frames flagged=364
C05  PASS       0.0s  
C06  PASS       0.0s  
C07  PASS       0.0s  
C10  PASS       0.0s  
C11  PASS       0.0s  
C12  PASS       0.0s  
C13  FAIL       0.0s  worst |offset| ms=347; pairs > 250 ms=1
C14  PASS       0.0s  
C15  PASS       0.0s  
P01  PASS       9.1s  
{"PASS": 58, "FAIL": 13, "MISSING": 0, "ERROR": 0}
CHECKS 0
PREVIEW 0
Sun Sep 27 15:24:49 UTC 2026
