F01  PASS       0.1s  
F02  PASS       0.9s  
F03  PASS       0.0s  
F04  PASS       0.0s  
F05  PASS      87.6s  
F06  PASS       0.6s  
F07  PASS       0.0s  
F08  PASS     270.0s  
F09  FAIL       0.0s  cues outside 1-7 s=2
F10  PASS       0.0s  
A01  PASS       6.6s  
A02  PASS       0.0s  
A03  FAIL       0.0s  LRA LU=4.6
A04  PASS       4.5s  
A05  PASS       0.4s  
A06  PASS      12.9s  
A07  PASS       3.4s  
A08  PASS       2.7s  
A09  PASS       7.8s  
A10  FAIL       4.0s  Spearman speed~whoosh=0.466483; fast moves without whoosh=2
A11  PASS       0.9s  
A12  PASS      31.3s  
A13  PASS      17.6s  
A14  PASS       1.5s  
A15  FAIL       0.0s  wpm act act1=147.44251; wpm act act2=146.052277; wpm act act3=144.582142; wpm act method=149.466192; wpm act outro=148.93617; sentences > 175 wpm=10
S01  PASS       0.0s  
S02  PASS       0.0s  
S03  PASS       0.0s  
S04  FAIL       0.0s  used years missing in a source=3
S05  PASS       0.1s  
S06  PASS       0.0s  
S07  PASS       0.0s  
S08  PASS       0.0s  
S09  PASS       0.0s  
S10  FAIL       0.0s  advice sentences=3
S11  PASS       0.0s  
S12  FAIL       0.0s  max new numbers in a scene=4
S13  PASS       0.0s  
S14  PASS      10.4s  
S15  PASS       0.0s  
R01  FAIL       4.1s  false peaks=2
R02  PASS       0.0s  
R03  FAIL       0.9s  shortest pause s=0.13; pauses < 1.0 s=4
R04  PASS       0.0s  
R05  PASS       0.0s  
R06  FAIL      84.6s  cuts visible in picture (%)=68.627451
V01  PASS       0.0s  
V02  PASS       0.0s  
V03  FAIL       0.0s  text outside safe area=279
V04  PASS       0.0s  
