worker 6155-6187: frame 6155 (2 s)
worker 6091-6123: frame 6091 (2 s)
worker 6187-6218: frame 6187 (2 s)
worker 6123-6155: frame 6123 (2 s)
{"range":"203.033-207.267","wallSeconds":63.3,"frames":127,"framesSupersampled":127}
worker 6789-6814: frame 6789 (1 s)
worker 6864-6887: frame 6864 (2 s)
worker 6814-6839: frame 6814 (2 s)
worker 6839-6864: frame 6839 (2 s)
{"range":"226.300-229.567","wallSeconds":44.6,"frames":98,"framesSupersampled":98}
worker 7211-7261: frame 7211 (2 s)
worker 7161-7211: frame 7161 (2 s)
worker 7261-7311: frame 7261 (2 s)
worker 7311-7360: frame 7311 (2 s)
{"range":"238.700-245.333","wallSeconds":92,"frames":199,"framesSupersampled":199}
worker 8081-8316: frame 8081 (1 s)
worker 7611-7846: frame 7611 (2 s)
worker 8316-8548: frame 8316 (2 s)
worker 7846-8081: frame 7846 (2 s)
worker 8081-8316: frame 8231 (197 s)
worker 7846-8081: frame 7996 (259 s)
worker 8316-8548: frame 8466 (279 s)
worker 7611-7846: frame 7761 (301 s)
{"range":"253.700-284.933","wallSeconds":416.3,"frames":937,"framesSupersampled":801}
worker 9268-9314: frame 9268 (2 s)
worker 9221-9268: frame 9221 (2 s)
worker 9174-9221: frame 9174 (2 s)
worker 9127-9174: frame 9127 (2 s)
{"range":"304.233-310.467","wallSeconds":82.7,"frames":187,"framesSupersampled":187}
worker 10150-10184: frame 10150 (1 s)
worker 10252-10283: frame 10252 (1 s)
worker 10218-10252: frame 10218 (2 s)
worker 10184-10218: frame 10184 (2 s)
{"range":"338.333-342.767","wallSeconds":45.3,"frames":133,"framesSupersampled":67}
worker 10763-11309: frame 10763 (1 s)
worker 11309-11855: frame 11309 (2 s)
worker 11855-12401: frame 11855 (2 s)
worker 12401-12947: frame 12401 (2 s)
worker 11309-11855: frame 11459 (211 s)
worker 10763-11309: frame 10913 (211 s)
worker 12401-12947: frame 12551 (216 s)
worker 11855-12401: frame 12005 (217 s)
worker 11309-11855: frame 11609 (391 s)
worker 12401-12947: frame 12701 (395 s)
worker 10763-11309: frame 11063 (399 s)
worker 11855-12401: frame 12155 (418 s)
worker 12401-12947: frame 12851 (570 s)
worker 11309-11855: frame 11759 (577 s)
worker 10763-11309: frame 11213 (588 s)
worker 11855-12401: frame 12305 (627 s)
{"range":"358.767-431.567","wallSeconds":747.5,"frames":2184,"framesSupersampled":2184}
worker 13319-13394: frame 13319 (0 s)
worker 13244-13319: frame 13244 (1 s)
worker 13394-13469: frame 13394 (2 s)
worker 13469-13544: frame 13469 (2 s)
{"range":"441.467-451.467","wallSeconds":96.7,"frames":300,"framesSupersampled":233}
worker 14350-14685: frame 14350 (2 s)
worker 14015-14350: frame 14015 (2 s)
worker 14685-15020: frame 14685 (2 s)
worker 15020-15355: frame 15020 (2 s)
worker 14015-14350: frame 14165 (156 s)
worker 14685-15020: frame 14835 (198 s)
worker 14350-14685: frame 14500 (207 s)
worker 15020-15355: frame 15170 (225 s)
worker 14015-14350: frame 14315 (355 s)
worker 15020-15355: frame 15320 (384 s)
worker 14685-15020: frame 14985 (395 s)
worker 14350-14685: frame 14650 (413 s)
{"range":"467.167-511.833","wallSeconds":456,"frames":1340,"framesSupersampled":1178}
worker 16844-17224: frame 16844 (1 s)
worker 16084-16464: frame 16084 (2 s)
worker 16464-16844: frame 16464 (1 s)
worker 15704-16084: frame 15704 (2 s)
worker 16084-16464: frame 16234 (189 s)
worker 16464-16844: frame 16614 (210 s)
worker 16844-17224: frame 16994 (210 s)
worker 15704-16084: frame 15854 (249 s)
worker 16084-16464: frame 16384 (372 s)
worker 16464-16844: frame 16764 (394 s)
worker 16844-17224: frame 17144 (422 s)
worker 15704-16084: frame 16004 (445 s)
{"range":"523.467-574.133","wallSeconds":539.4,"frames":1520,"framesSupersampled":1520}
worker 18222-18564: frame 18222 (1 s)
worker 18564-18904: frame 18564 (1 s)
worker 17538-17880: frame 17538 (2 s)
worker 17880-18222: frame 17880 (2 s)
worker 18222-18564: frame 18372 (201 s)
worker 18564-18904: frame 18714 (202 s)
worker 17880-18222: frame 18030 (211 s)
worker 17538-17880: frame 17688 (213 s)
worker 18222-18564: frame 18522 (395 s)
worker 17880-18222: frame 18180 (410 s)
worker 18564-18904: frame 18864 (410 s)
worker 17538-17880: frame 17838 (420 s)
{"range":"584.600-630.133","wallSeconds":474,"frames":1366,"framesSupersampled":1306}
worker 19259-19327: frame 19259 (1 s)
worker 19327-19395: frame 19327 (1 s)
worker 19395-19463: frame 19395 (2 s)
worker 19191-19259: frame 19191 (2 s)
{"range":"639.700-648.767","wallSeconds":98.1,"frames":272,"framesSupersampled":272}
worker 20818-21000: frame 20818 (1 s)
worker 20454-20636: frame 20454 (1 s)
worker 21000-21180: frame 21000 (1 s)
worker 20636-20818: frame 20636 (2 s)
worker 20818-21000: frame 20968 (181 s)
worker 20636-20818: frame 20786 (191 s)
worker 20454-20636: frame 20604 (197 s)
worker 21000-21180: frame 21150 (206 s)
{"range":"681.800-706.000","wallSeconds":242.3,"frames":726,"framesSupersampled":726}
rendered 16 ranges in 3404 s
EXIT 0
