{"seconds":2774.3,"samples":2031,"pixelSamples":953,"summary":{"C01":0,"C02":0,"C03":0,"C04":0,"C05":0,"C06":0,"C07":0,"C15":0,"C10":0,"C12":[],"S08":0,"S09":"","V02":"","V03":0,"V08":2,"V11":0,"C14":2,"V04":""}}
F01  PASS       0.1s  
F02  PASS       0.4s  
F03  FAIL       0.0s  |frames - duration*30|=1.57
F04  PASS       0.0s  
F05  PASS      25.2s  
F06  PASS       0.2s  
F07  FAIL       0.0s  duration s=203.019
F08  FAIL      74.7s  worst banding (%)=31.365728
F09  FAIL       0.0s  cues outside 1-7 s=1
F10  PASS       0.0s  
A01  PASS       2.2s  
A02  PASS       0.0s  
A03  PASS       0.0s  
A04  PASS       1.7s  
A05  PASS       0.1s  
A06  PASS       4.1s  
A07  PASS       1.1s  
A08  PASS       1.1s  
A09  PASS       2.6s  
A10  PASS       1.1s  
A11  PASS       0.4s  
A12  PASS       9.2s  
A13  PASS      17.1s  
A14  PASS      53.6s  
A15  FAIL       0.0s  wpm act act1=146.756855; sentences > 175 wpm=4
S01  PASS       0.0s  
S02  FAIL       0.0s  no-tax in method card=False; no-fee in method card=False
S03  PASS       0.0s  
S04  FAIL       0.0s  used years missing in a source=3
S05  PASS       0.0s  
S06  FAIL       0.0s  start years shown in act 3=0
S07  PASS       0.0s  
S08  PASS       0.0s  
S09  PASS       0.0s  
S10  PASS       0.0s  
S11  FAIL       0.0s  g1966 scenes=2; g1966 acts=1; g1966 callbacks w/ distinct meaning=1
S12  PASS       0.0s  
S13  PASS       0.0s  
S14  FAIL       2.4s  ad breaks=0
S15  FAIL       0.0s  act order=['cold-open', 'ident', 'act1']; outro s=None; total s=203.019
R01  FAIL       1.1s  r music level=0.178475; false peaks=1; acts with climax peak=1
R02  PASS       0.0s  
R03  PASS       0.2s  
R04  PASS       0.0s  
R05  FAIL       0.0s  shot length CV=0.351685; act-2 scenes before climax=0
R06  FAIL      23.7s  cuts visible in picture (%)=70.0
V01  PASS       0.0s  
V02  PASS       0.0s  
V03  PASS       0.0s  
V04  PASS       0.0s  
V05  PASS      25.4s  
V06  FAIL       0.0s  racks tied to turns=2
V07  FAIL      11.6s  median blur ratio=1.202203
V08  FAIL       0.0s  worst text contrast=3.19; samples below 4.5:1=2
V09  PASS       0.0s  
V10  PASS      23.7s  
V11  PASS       0.0s  
C01  PASS       0.0s  
C02  PASS       0.0s  
C03  PASS       0.0s  
C04  PASS       0.0s  
C05  PASS       0.0s  
C06  PASS       0.0s  
C07  PASS       0.0s  
C10  PASS       0.0s  
C11  PASS       0.0s  
C12  PASS       0.0s  
C13  FAIL       0.0s  worst |offset| ms=433; pairs > 250 ms=1
C14  FAIL       0.0s  text samples not legible at 25%=2
C15  PASS       0.0s  
P01  MISSING    0.0s    artifact missing: out/package/thumb-1.png
{"PASS": 51, "FAIL": 19, "MISSING": 1, "ERROR": 0}
